{
 "step": "viapad_selftest",
 "timestamp": "2026-09-23T17:27:50",
 "inputs": {
  "F_Paste": {
   "path": "fab/gerber/Therapia_EEG-HRV-F_Paste.gtp",
   "mtime": "2026-09-23T17:27:06",
   "sha256": "87b0c0f0417e5d25"
  },
  "F_Mask": {
   "path": "fab/gerber/Therapia_EEG-HRV-F_Mask.gts",
   "mtime": "2026-09-23T17:27:06",
   "sha256": "a5c7c9e14e92feac"
  },
  "F_Cu": {
   "path": "fab/gerber/Therapia_EEG-HRV-F_Cu.gtl",
   "mtime": "2026-09-23T17:27:06",
   "sha256": "a0f807228e418f40"
  },
  "B_Paste": {
   "path": "fab/gerber/Therapia_EEG-HRV-B_Paste.gbp",
   "mtime": "2026-09-23T17:27:06",
   "sha256": "362a45ed324f4dda"
  },
  "B_Mask": {
   "path": "fab/gerber/Therapia_EEG-HRV-B_Mask.gbs",
   "mtime": "2026-09-23T17:27:06",
   "sha256": "6aabb48f96477241"
  },
  "B_Cu": {
   "path": "fab/gerber/Therapia_EEG-HRV-B_Cu.gbl",
   "mtime": "2026-09-23T17:27:06",
   "sha256": "e71446a8649bdd35"
  },
  "Edge_Cuts": {
   "path": "fab/gerber/Therapia_EEG-HRV-Edge_Cuts.gm1",
   "mtime": "2026-09-23T17:27:06",
   "sha256": "424e2bf930b4831e"
  },
  "PTH_drill": {
   "path": "fab/gerber/Therapia_EEG-HRV-PTH.drl",
   "mtime": "2026-09-23T17:27:06",
   "sha256": "34b48c50fe932891"
  }
 },
 "found": {
  "vias_touching_any_opening": 0,
  "paste_crossing_or_inside": 0,
  "paste_inside": 0,
  "mask_crossing_or_inside": 0,
  "mask_inside": 0,
  "same_net_as_pad": 0,
  "different_net_from_pad": 0,
  "by_ref": {},
  "by_origin": {
   "stitch": 0,
   "router": 0,
   "unknown": 0
  },
  "by_side": {
   "F": 0,
   "B": 0,
   "both": 0
  }
 },
 "vias_from_drill": 230,
 "holes_excluded_as_component": {
  "T5 C1.050": 12,
  "slot": 8
 },
 "negative_control": {
  "input": "the fab data + one 0.305 mm via at the centre of U_ADS pad 1 (140.6120, -98.3480)",
  "planted_defect": "a via on a pad of U_ADS, which J-2 (a) forbids at any via covering; and the same plant repeated on F (417 openings)",
  "detected": true,
  "detail": {
   "planted_via": [
    {
     "via_gerber_mm": [
      140.612,
      -98.348
     ],
     "via_kicad_mm": [
      140.612,
      98.348
     ],
     "drill_mm": 0.3048,
     "net": null,
     "side": "F",
     "paste": [
      {
       "kind": "flash",
       "aperture": 15,
       "at_gerber_mm": [
        140.612,
        -98.348
       ],
       "ref": "U_ADS",
       "layer": "F.Paste",
       "relation": "crossing",
       "signed_gap_mm": -0.14,
       "tht": false
      },
      {
       "kind": "region",
       "vertices": 37,
       "layer": "F.Paste",
       "relation": "crossing",
       "signed_gap_mm": -0.14,
       "tht": false
      }
     ],
     "mask": [
      {
       "kind": "region",
       "vertices": 23,
       "layer": "F.Mask",
       "relation": "inside",
       "signed_gap_mm": -0.1908,
       "tht": false
      }
     ],
     "pad": {
      "ref": "U_ADS",
      "pad": "1",
      "net": "IN8N",
      "signed_gap_mm": -0.14,
      "same_net": null
     }
    }
   ],
   "pad": {
    "ref": "U_ADS",
    "pad": "1"
   }
  },
  "per_side": {
   "F": {
    "detected": true,
    "openings_planted": 417,
    "openings_reported": 417
   },
   "B": {
    "detected": null,
    "why": "B_Paste has no dark flash: nothing is assembled on this side, so there is no opening to plant in"
   }
  }
 }
}
